// Jest Snapshot v1, https://goo.gl/fbAQLP

exports[`Testing Home page It should render the component to match the snapshopt 1`] = `ReactWrapper {}`;
